// Jest Snapshot v1, https://goo.gl/fbAQLP

exports[`<Button /> renders component correctly 1`] = `
<div>
  <div
    class="css-1jzh7nd"
    data-testid="container"
  >
    <div
      class="css-68lwrs"
    >
      test
    </div>
  </div>
</div>
`;
